// Jest Snapshot v1, https://goo.gl/fbAQLP

exports[`<Panel /> should render content  the Panel 1`] = `
<div
  className="nice-panel "
>
  <div
    className="nice-panel-content"
  >
    Hello Jest!
  </div>
</div>
`;
