// Jest Snapshot v1, https://goo.gl/fbAQLP

exports[`<ButtonGroup /> should render the Buttons inside ButtonGroup 1`] = `
<div
  className={
    Array [
      "nice-btn-group",
      "justified",
      "small",
    ]
  }
>
  <Button
    context="primary"
    size="medium"
  >
    Default
  </Button>
</div>
`;
